%!Adobe-FontList 1.14
%Locale:0xc0a

%BeginFont
Handler:DirectoryHandler
FontType:Type1
FontName:MyriadPro-BoldCond
FamilyName:Myriad Pro
StyleName:Bold Condensed
FullName:Myriad Pro Bold Condensed
MenuName:Myriad Pro Cond
StyleBits:2
WritingScript:Roman
OutlineFileName:C:\Users\ViviTheCrazy\Documents\Graphic Design\Clientes\M\MagicalArtStudio\Web Wordpress\blog\A+ Archivos Donacion\Carpeta Plantilla-cartas-bar-restaurante\Document fonts\MyriadPro-BoldCond.otf
DataFormat:sfntData
UsesStandardEncoding:yes
isCFF:yes
FileLength:101012
FileModTime:1329304520
WeightClass:700
WidthClass:3
AngleClass:0
DesignSize:110
%EndFont

%BeginFont
Handler:DirectoryHandler
FontType:Type1
FontName:MyriadPro-BoldCondIt
FamilyName:Myriad Pro
StyleName:Bold Condensed Italic
FullName:Myriad Pro Bold Condensed Italic
MenuName:Myriad Pro Cond
StyleBits:3
WritingScript:Roman
OutlineFileName:C:\Users\ViviTheCrazy\Documents\Graphic Design\Clientes\M\MagicalArtStudio\Web Wordpress\blog\A+ Archivos Donacion\Carpeta Plantilla-cartas-bar-restaurante\Document fonts\MyriadPro-BoldCondIt.otf
DataFormat:sfntData
UsesStandardEncoding:yes
isCFF:yes
FileLength:104052
FileModTime:1329304520
WeightClass:700
WidthClass:3
AngleClass:1
DesignSize:110
%EndFont

%BeginFont
Handler:DirectoryHandler
FontType:Type1
FontName:MyriadPro-It
FamilyName:Myriad Pro
StyleName:Italic
FullName:Myriad Pro Italic
MenuName:Myriad Pro
StyleBits:1
WritingScript:Roman
OutlineFileName:C:\Users\ViviTheCrazy\Documents\Graphic Design\Clientes\M\MagicalArtStudio\Web Wordpress\blog\A+ Archivos Donacion\Carpeta Plantilla-cartas-bar-restaurante\Document fonts\MyriadPro-It.otf
DataFormat:sfntData
UsesStandardEncoding:yes
isCFF:yes
FileLength:105656
FileModTime:1329304520
WeightClass:400
WidthClass:5
AngleClass:1
DesignSize:110
%EndFont

%BeginFont
Handler:DirectoryHandler
FontType:Type1
FontName:MyriadPro-Regular
FamilyName:Myriad Pro
StyleName:Regular
FullName:Myriad Pro
MenuName:Myriad Pro
StyleBits:0
WritingScript:Roman
OutlineFileName:C:\Users\ViviTheCrazy\Documents\Graphic Design\Clientes\M\MagicalArtStudio\Web Wordpress\blog\A+ Archivos Donacion\Carpeta Plantilla-cartas-bar-restaurante\Document fonts\MyriadPro-Regular.otf
DataFormat:sfntData
UsesStandardEncoding:yes
isCFF:yes
FileLength:101732
FileModTime:1329304520
WeightClass:400
WidthClass:5
AngleClass:0
DesignSize:110
%EndFont

%BeginFont
Handler:DirectoryHandler
FontType:Type1
FontName:MyriadPro-SemiboldIt
FamilyName:Myriad Pro
StyleName:Semibold Italic
FullName:Myriad Pro Semibold Italic
MenuName:Myriad Pro Light
StyleBits:3
WritingScript:Roman
OutlineFileName:C:\Users\ViviTheCrazy\Documents\Graphic Design\Clientes\M\MagicalArtStudio\Web Wordpress\blog\A+ Archivos Donacion\Carpeta Plantilla-cartas-bar-restaurante\Document fonts\MyriadPro-SemiboldIt.otf
DataFormat:sfntData
UsesStandardEncoding:yes
isCFF:yes
FileLength:107128
FileModTime:1329304520
WeightClass:600
WidthClass:5
AngleClass:1
DesignSize:110
%EndFont

